[www.playshrigoagems.com/index.html]
[backblue.gif]
[fade.gif]
[index.html]
[www.playshrigoagems.com/css/jquery-ui.css]
[www.playshrigoagems.com/css/jquery.wysiwyg.css]
[www.playshrigoagems.com/css/admin.css]
[www.playshrigoagems.com/js/homejs200205.js]
[www.playshrigoagems.com/apks/PlayGoaStar3.apk]
[www.playshrigoagems.com/images/goalogo.png]
[www.playshrigoagems.com/js/jquery-1.7.2.js]
[www.playshrigoagems.com/images/gb_back.png]
[www.playshrigoagems.com/images/res_back.png]
[www.playshrigoagems.com/main.html]
[www.playshrigoagems.com/results/result_old.html]
[www.playshrigoagems.com/main5660.html]
[www.playshrigoagems.com/images/buttonshape.png]
[www.playshrigoagems.com/index.html]
[www.playshrigoagems.com/css/jquery-ui.css]
[www.playshrigoagems.com/css/jquery.wysiwyg.css]
[www.playshrigoagems.com/css/admin.css]
[www.playshrigoagems.com/main.html]
[www.playshrigoagems.com/css/style_table.css]
[www.playshrigoagems.com/js/homejs.js]
[www.playshrigoagems.com/js/ui/jquery.ui.core.js]
[www.playshrigoagems.com/js/ui/jquery.ui.widget.js]
[www.playshrigoagems.com/js/ui/jquery.ui.datepicker.js]
[www.playshrigoagems.com/login/logout.html]
[www.playshrigoagems.com/results/resultSummaryOld.html]
[www.playshrigoagems.com/results/result_old.html]
[www.playshrigoagems.com/main5660.html]
[www.playshrigoagems.com/images/res_back_vertical.html]
[www.playshrigoagems.com/home.html]
[www.playshrigoagems.com/images/jquery-ui-images/ui-bg_flat_75_ffffff_40x100.html]
[www.playshrigoagems.com/images/jquery-ui-images/ui-bg_highlight-soft_75_cccccc_1x100.html]
[www.playshrigoagems.com/images/jquery-ui-images/ui-bg_glass_75_e6e6e6_1x400.html]
[www.playshrigoagems.com/images/jquery-ui-images/ui-bg_glass_75_dadada_1x400.html]
[www.playshrigoagems.com/images/jquery-ui-images/ui-bg_glass_65_ffffff_1x400.html]
[www.playshrigoagems.com/images/jquery-ui-images/ui-bg_glass_55_fbf9ee_1x400.html]
[www.playshrigoagems.com/images/jquery-ui-images/ui-bg_glass_95_fef1ec_1x400.html]
[www.playshrigoagems.com/images/jquery-ui-images/ui-icons_222222_256x240.html]
[www.playshrigoagems.com/images/jquery-ui-images/ui-icons_888888_256x240.html]
[www.playshrigoagems.com/images/jquery-ui-images/ui-icons_454545_256x240.html]
[www.playshrigoagems.com/images/jquery-ui-images/ui-icons_2e83ff_256x240.html]
[www.playshrigoagems.com/images/jquery-ui-images/ui-icons_cd0a0a_256x240.html]
[www.playshrigoagems.com/images/jquery-ui-images/ui-bg_flat_0_aaaaaa_40x100.html]
[www.playshrigoagems.com/images/jquery.wysiwyg.html]
[www.playshrigoagems.com/images/admin_nav_bg.html]
[www.playshrigoagems.com/images/admin_nav_bg_over.html]
[www.playshrigoagems.com/images/admin_footer_bg.html]
[www.playshrigoagems.com/images/btn_delete.html]
[www.playshrigoagems.com/images/arrow_down.html]
[www.playshrigoagems.com/images/arrow_up.html]
[www.playshrigoagems.com/images/preview_bg.html]
[www.playshrigoagems.com/images/loader.html]
[www.playshrigoagems.com/images/icon_calendar.html]
[www.playshrigoagems.com/images/popup_bg.html]
[www.playshrigoagems.com/images/popup_bottom.html]
[www.playshrigoagems.com/images/loading.html]
[www.playshrigoagems.com/css/style_table.css]
[www.playshrigoagems.com/plugins/bootstrap/bootstrap.min.js]
[www.playshrigoagems.com/plugins/slick/slick.min.js]
[www.playshrigoagems.com/plugins/shuffle/shuffle.min.js]
[www.playshrigoagems.com/js/script.js]
[www.playshrigoagems.com/plugins/bootstrap/bootstrap.min.css]
[www.playshrigoagems.com/plugins/slick/slick.css]
[www.playshrigoagems.com/plugins/themify-icons/themify-icons.css]
[www.playshrigoagems.com/css/style.css]
[www.playshrigoagems.com/js/jquery.ui.datepicker.js]
[www.playshrigoagems.com/js/jquery.ui.core.js]
[www.playshrigoagems.com/js/jquery.ui.widget.js]
[www.playshrigoagems.com/login.html]
[www.playshrigoagems.com/results.html]
[www.playshrigoagems.com/results/resultSummary.html]
[www.playshrigoagems.com/images/backgrounds/bg-dots.png]
[www.playshrigoagems.com/images/loadernew2.gif]
[www.playshrigoagems.com/login/logout.html]
[www.playshrigoagems.com/css/styles_menu.css]
[www.playshrigoagems.com/css/scroll/scroll.css]
[www.playshrigoagems.com/css/scroll/scroll.js]
[www.playshrigoagems.com/results/resultSummaryOld.html]
[www.playshrigoagems.com/images/check0.html]
[www.playshrigoagems.com/images/check1.html]
[www.playshrigoagems.com/images/check2.html]
[www.playshrigoagems.com/plugins/bootstrap/bootstrap.min.css]
[www.playshrigoagems.com/plugins/slick/slick.css]
[www.playshrigoagems.com/plugins/themify-icons/fonts/themify9f24.eot]
[www.playshrigoagems.com/plugins/themify-icons/fonts/themifyd41d.eot]
[www.playshrigoagems.com/plugins/themify-icons/fonts/themify9f24.woff]
[cdnjs.cloudflare.com/ajax/libs/jquery/3.1.1/jquery.min.js]
[www.playshrigoagems.com/plugins/themify-icons/fonts/themify9f24.ttf]
[www.playshrigoagems.com/plugins/themify-icons/themify-icons.css]
[www.playshrigoagems.com/css/style.css]
[www.playshrigoagems.com/plugins/fonts/BwNistaInt-xBd.woff]
[ajax.googleapis.com/ajax/libs/jquery/3.4.0/jquery.min.js]
[www.playshrigoagems.com/login.html]
[www.playshrigoagems.com/main/home_new.html]
[www.playshrigoagems.com/images/backgrounds/education-bg.png]
[www.playshrigoagems.com/results.html]
[www.playshrigoagems.com/plugins/jQuery/jquery.min.js]
[www.playshrigoagems.com/results/resultSummary.html]
[www.playshrigoagems.com/css/styles_menu.css]
[www.playshrigoagems.com/js/jquery.dropkick-1.0.0.html]
[www.playshrigoagems.com/css/scroll/scroll.css]
[www.playshrigoagems.com/plugins/themify-icons/fonts/themify9f24.svg]
[www.playshrigoagems.com/images/favicon.html]
[www.playshrigoagems.com/main/home_new.html]
